
> nextjs@0.1.0 build
> next build

   Creating an optimized production build...
node.exe : Warning: For production Image Optimization with Next.js, the 
optional 'sharp' package is strongly recommended. Run 'npm i sharp', and 
Next.js will use it automatically for Image Optimization.
At line:1 char:1
+ & "C:\Program Files\nodejs/node.exe" "C:\Program Files\nodejs/node_mo ...
+ ~~~~~~~~~~~~~~~~~~~~~~~~~~~~~~~~~~~~~~~~~~~~~~~~~~~~~~~~~~~~~~~~~~~~~
    + CategoryInfo          : NotSpecified: (Warning: For pr...e Optimization. 
   :String) [], RemoteException
    + FullyQualifiedErrorId : NativeCommandError
 
Read more: https://nextjs.org/docs/messages/sharp-missing-in-production
Browserslist: caniuse-lite is outdated. Please run:
  npx update-browserslist-db@latest
  Why you should do it regularly: 
https://github.com/browserslist/update-db#readme
Browserslist: caniuse-lite is outdated. Please run:
  npx browserslist@latest --update-db
  Why you should do it regularly: 
https://github.com/browserslist/browserslist#browsers-data-updating
 ΓÜá Compiled with warnings

./node_modules/@supabase/realtime-js/dist/main/RealtimeClient.js
Critical dependency: the request of a dependency is an expression

Import trace for requested module:
./node_modules/@supabase/realtime-js/dist/main/RealtimeClient.js
./node_modules/@supabase/realtime-js/dist/main/index.js
./node_modules/@supabase/supabase-js/dist/main/index.js
./lib/supabase.ts
./components/brand-theme.tsx

./node_modules/@supabase/realtime-js/dist/main/RealtimeClient.js
Critical dependency: the request of a dependency is an expression

Import trace for requested module:
./node_modules/@supabase/realtime-js/dist/main/RealtimeClient.js
./node_modules/@supabase/realtime-js/dist/main/index.js
./node_modules/@supabase/supabase-js/dist/main/index.js
./lib/supabase.ts
./app/portfolio/page.tsx

   Skipping linting
   Checking validity of types...
   Collecting page data...
unhandledRejection Error [PageNotFoundError]: Cannot find module for page: 
/_document
    at getPagePath 
(C:\Users\SIR\Downloads\project\node_modules\next\dist\server\require.js:94:15)
    at requirePage 
(C:\Users\SIR\Downloads\project\node_modules\next\dist\server\require.js:99:22)
    at C:\Users\SIR\Downloads\project\node_modules\next\dist\server\load-compon
ents.js:55:65
    at process.processTicksAndRejections 
(node:internal/process/task_queues:104:5)
    at async Promise.all (index 0)
    at async loadComponentsImpl (C:\Users\SIR\Downloads\project\node_modules\ne
xt\dist\server\load-components.js:54:33)
    at async Object.hasCustomGetInitialProps 
(C:\Users\SIR\Downloads\project\node_modules\next\dist\build\utils.js:1200:24) 
{
  type: 'PageNotFoundError',
  code: 'ENOENT'
}
